]0;~/Desktop/Dataiku[?1034hCassandras-Air:Dataiku cassandrabayer$ [KCassandras-Air:Dataiku cassandrabayer$ git status
On branch master
Untracked files:
  (use "git add <file>..." to include in what will be committed)

	[31m.DS_Store[m
	[31m.Rproj.user/[m

nothing added to commit but untracked files present (use "git add" to track)
]0;~/Desktop/DataikuCassandras-Air:Dataiku cassandrabayer$ git add .
]0;~/Desktop/DataikuCassandras-Air:Dataiku cassandrabayer$ git commit m [K[K-m "[KCassandras-Air:Dataiku cassandrabayer$ git commit -m "[6Padd .
]0;~/Desktop/DataikuCassandras-Air:Dataiku cassandrabayer$ git comm[K[K[K[Kstatus
On branch master
Changes to be committed:
  (use "git reset HEAD <file>..." to unstage)

	[32mnew file:   .DS_Store[m
	[32mnew file:   .Rproj.user/79FC296B/console06/2CEFC2E8[m
	[32mnew file:   .Rproj.user/79FC296B/console06/2CEFC2E8.env[m
	[32mnew file:   .Rproj.user/79FC296B/console06/INDEX001[m
	[32mnew file:   .Rproj.user/79FC296B/sources/prop/9DCC5261[m
	[32mnew file:   .Rproj.user/79FC296B/sources/prop/INDEX[m
	[32mnew file:   .Rproj.user/79FC296B/sources/s-211DBB81/F158B72F[m
	[32mnew file:   .Rproj.user/79FC296B/sources/s-211DBB81/F158B72F-contents[m
	[32mnew file:   .Rproj.user/shared/notebooks/paths[m
	[32mnew file:   controller.R[m

Changes not staged for commit:
  (use "git add <file>..." to update what will be committed)
  (use "git checkout -- <file>..." to discard changes in working directory)

	[31mmodified:   .Rproj.user/79FC296B/console06/2CEFC2E8[m

]0;~/Desktop/DataikuCassandras-Air:Dataiku cassandrabayer$ git [K[K[Kit commit -m "added re[K[Kcontroller to load p[Kpackages"
[master 4323683] added controller to load packages
 10 files changed, 169 insertions(+)
 create mode 100644 .DS_Store
 create mode 100644 .Rproj.user/79FC296B/console06/2CEFC2E8
 create mode 100644 .Rproj.user/79FC296B/console06/2CEFC2E8.env
 create mode 100644 .Rproj.user/79FC296B/console06/INDEX001
 create mode 100644 .Rproj.user/79FC296B/sources/prop/9DCC5261
 create mode 100644 .Rproj.user/79FC296B/sources/prop/INDEX
 create mode 100644 .Rproj.user/79FC296B/sources/s-211DBB81/F158B72F
 create mode 100644 .Rproj.user/79FC296B/sources/s-211DBB81/F158B72F-contents
 create mode 100644 .Rproj.user/shared/notebooks/paths
 create mode 100644 controller.R
]0;~/Desktop/DataikuCassandras-Air:Dataiku cassandrabayer$ [KCassandras-Air:Dataiku cassandrabayer$ git status
On branch master
Changes not staged for commit:
  (use "git add <file>..." to update what will be committed)
  (use "git checkout -- <file>..." to discard changes in working directory)

	[31mmodified:   .Rproj.user/79FC296B/console06/2CEFC2E8[m
	[31mmodified:   .Rproj.user/79FC296B/console06/INDEX001[m
	[31mmodified:   .Rproj.user/79FC296B/sources/prop/9DCC5261[m
	[31mmodified:   .Rproj.user/79FC296B/sources/s-211DBB81/F158B72F[m
	[31mmodified:   .Rproj.user/79FC296B/sources/s-211DBB81/F158B72F-contents[m
	[31mmodified:   controller.R[m

Untracked files:
  (use "git add <file>..." to include in what will be committed)

	[31m.Rproj.user/79FC296B/sources/s-211DBB81/6C0E7E13[m
	[31m.Rproj.user/79FC296B/sources/s-211DBB81/6C0E7E13-contents[m

no changes added to commit (use "git add" and/or "git commit -a")
]0;~/Desktop/DataikuCassandras-Air:Dataiku cassandrabayer$ git add .
]0;~/Desktop/DataikuCassandras-Air:Dataiku cassandrabayer$ git commit -m "cleaned up the header names ()c)[1P)v)i)n)t)a)g)e) )[1P)[1P)[1P)[1P)[1P)[1P)[1P)[1P)c)l)a)s)s)i)c) )C)e)n)s)u)s) )d)a)[1P)a)t)a)[C"
[master cf624d0] cleaned up the header names (classic Census data)
 8 files changed, 125 insertions(+), 14 deletions(-)
 create mode 100644 .Rproj.user/79FC296B/sources/s-211DBB81/6C0E7E13
 create mode 100644 .Rproj.user/79FC296B/sources/s-211DBB81/6C0E7E13-contents
]0;~/Desktop/DataikuCassandras-Air:Dataiku cassandrabayer$ git add .
]0;~/Desktop/DataikuCassandras-Air:Dataiku cassandrabayer$ git commit -m "light processing"
[master 0a12bd3] light processing
 5 files changed, 67 insertions(+), 21 deletions(-)
]0;~/Desktop/DataikuCassandras-Air:Dataiku cassandrabayer$ gt [K[Kit add .
]0;~/Desktop/DataikuCassandras-Air:Dataiku cassandrabayer$ git commit -m "handled for missing values (standardized" [K[K) and binaries"
[master 16351aa] handled for missing values (standardized) and binaries
 5 files changed, 83 insertions(+), 23 deletions(-)
]0;~/Desktop/DataikuCassandras-Air:Dataiku cassandrabayer$ git push origin master
fatal: 'origin' does not appear to be a git repository
fatal: Could not read from remote repository.

Please make sure you have the correct access rights
and the repository exists.
]0;~/Desktop/DataikuCassandras-Air:Dataiku cassandrabayer$ git push origin master
fatal: 'origin' does not appear to be a git repository
fatal: Could not read from remote repository.

Please make sure you have the correct access rights
and the repository exists.
]0;~/Desktop/DataikuCassandras-Air:Dataiku cassandrabayer$ g[K[KCassandras-Air:Dataiku cassandrabayer$ git add .
]0;~/Desktop/DataikuCassandras-Air:Dataiku cassandrabayer$ git commit -m "cleaning up the binaries"
[master dcc9b09] cleaning up the binaries
 6 files changed, 231 insertions(+), 195 deletions(-)
 rewrite .Rproj.user/79FC296B/sources/s-211DBB81/F158B72F-contents (77%)
 rewrite controller.R (77%)
]0;~/Desktop/DataikuCassandras-Air:Dataiku cassandrabayer$ git add .
]0;~/Desktop/DataikuCassandras-Air:Dataiku cassandrabayer$ git commit -m "minor"
[master 0c68942] minor
 2 files changed, 4 insertions(+), 4 deletions(-)
]0;~/Desktop/DataikuCassandras-Air:Dataiku cassandrabayer$ git commit [K[K[K[K[K[K[Kremote add origin https://github.com/cassandrabayer/Dataiku.git
]0;~/Desktop/DataikuCassandras-Air:Dataiku cassandrabayer$ git push origin master
git: 'credential-C17a20K22!' is not a git command. See 'git --help'.
Counting objects: 100, done.
Delta compression using up to 4 threads.
Compressing objects:   1% (1/95)   Compressing objects:   2% (2/95)   Compressing objects:   3% (3/95)   Compressing objects:   4% (4/95)   Compressing objects:   5% (5/95)   Compressing objects:   6% (6/95)   Compressing objects:   7% (7/95)   Compressing objects:   8% (8/95)   Compressing objects:   9% (9/95)   Compressing objects:  10% (10/95)   Compressing objects:  11% (11/95)   Compressing objects:  12% (12/95)   Compressing objects:  13% (13/95)   Compressing objects:  14% (14/95)   Compressing objects:  15% (15/95)   Compressing objects:  16% (16/95)   Compressing objects:  17% (17/95)   Compressing objects:  18% (18/95)   Compressing objects:  20% (19/95)   Compressing objects:  21% (20/95)   Compressing objects:  22% (21/95)   Compressing objects:  23% (22/95)   Compressing objects:  24% (23/95)   Compressing objects:  25% (24/95)   Compressing objects:  26% (25/95)   Compressing objects:  27% (26/95)   Compressing objects:  28% (27/95)   Compressing objects:  29% (28/95)   Compressing objects:  30% (29/95)   Compressing objects:  31% (30/95)   Compressing objects:  32% (31/95)   Compressing objects:  33% (32/95)   Compressing objects:  34% (33/95)   Compressing objects:  35% (34/95)   Compressing objects:  36% (35/95)   Compressing objects:  37% (36/95)   Compressing objects:  38% (37/95)   Compressing objects:  40% (38/95)   Compressing objects:  41% (39/95)   Compressing objects:  42% (40/95)   Compressing objects:  43% (41/95)   Compressing objects:  44% (42/95)   Compressing objects:  45% (43/95)   Compressing objects:  46% (44/95)   Compressing objects:  47% (45/95)   Compressing objects:  48% (46/95)   Compressing objects:  49% (47/95)   Compressing objects:  50% (48/95)   Compressing objects:  51% (49/95)   Compressing objects:  52% (50/95)   Compressing objects:  53% (51/95)   Compressing objects:  54% (52/95)   Compressing objects:  55% (53/95)   Compressing objects:  56% (54/95)   Compressing objects:  57% (55/95)   Compressing objects:  58% (56/95)   Compressing objects:  60% (57/95)   Compressing objects:  61% (58/95)   Compressing objects:  62% (59/95)   Compressing objects:  63% (60/95)   Compressing objects:  64% (61/95)   Compressing objects:  65% (62/95)   Compressing objects:  66% (63/95)   Compressing objects:  67% (64/95)   Compressing objects:  68% (65/95)   Compressing objects:  69% (66/95)   Compressing objects:  70% (67/95)   Compressing objects:  71% (68/95)   Compressing objects:  72% (69/95)   Compressing objects:  73% (70/95)   Compressing objects:  74% (71/95)   Compressing objects:  75% (72/95)   Compressing objects:  76% (73/95)   Compressing objects:  77% (74/95)   Compressing objects:  78% (75/95)   Compressing objects:  80% (76/95)   Compressing objects:  81% (77/95)   Compressing objects:  82% (78/95)   Compressing objects:  83% (79/95)   Compressing objects:  84% (80/95)   Compressing objects:  85% (81/95)   Compressing objects:  86% (82/95)   Compressing objects:  87% (83/95)   Compressing objects:  88% (84/95)   Compressing objects:  89% (85/95)   Compressing objects:  90% (86/95)   Compressing objects:  91% (87/95)   Compressing objects:  92% (88/95)   Compressing objects:  93% (89/95)   Compressing objects:  94% (90/95)   Compressing objects:  95% (91/95)   Compressing objects:  96% (92/95)   Compressing objects:  97% (93/95)   Compressing objects:  98% (94/95)   Compressing objects: 100% (95/95)   Compressing objects: 100% (95/95), done.
Writing objects:   1% (1/100)   Writing objects:   2% (2/100)   Writing objects:   3% (3/100)   Writing objects:   4% (4/100)   Writing objects:   5% (5/100)   Writing objects:   6% (6/100)   Writing objects:   7% (7/100)   Writing objects:   8% (8/100)   Writing objects:   9% (9/100)   Writing objects:  10% (10/100)   Writing objects:  11% (11/100)   Writing objects:  12% (12/100)   Writing objects:  13% (13/100)   Writing objects:  14% (14/100)   Writing objects:  15% (15/100)   Writing objects:  16% (16/100)   Writing objects:  17% (17/100)   Writing objects:  18% (18/100)   Writing objects:  19% (19/100)   Writing objects:  20% (20/100)   Writing objects:  21% (21/100)   Writing objects:  22% (22/100)   Writing objects:  23% (23/100)   Writing objects:  24% (24/100)   Writing objects:  26% (26/100)   Writing objects:  28% (28/100)   Writing objects:  29% (29/100)   Writing objects:  30% (30/100)   Writing objects:  31% (31/100)   Writing objects:  32% (32/100)   Writing objects:  33% (33/100)   Writing objects:  34% (34/100)   Writing objects:  35% (35/100)   Writing objects:  36% (36/100)   Writing objects:  37% (37/100)   Writing objects:  38% (38/100)   Writing objects:  39% (39/100)   Writing objects:  40% (40/100)   Writing objects:  41% (41/100)   Writing objects:  42% (42/100)   Writing objects:  43% (43/100)   Writing objects:  44% (44/100)   Writing objects:  45% (45/100)   Writing objects:  46% (46/100)   Writing objects:  47% (47/100)   Writing objects:  48% (48/100)   Writing objects:  49% (49/100)   Writing objects:  50% (50/100)   Writing objects:  51% (51/100)   Writing objects:  52% (52/100)   Writing objects:  53% (53/100)   Writing objects:  54% (54/100)   Writing objects:  55% (55/100)   Writing objects:  56% (56/100)   Writing objects:  57% (57/100)   Writing objects:  58% (58/100)   Writing objects:  59% (59/100)   Writing objects:  60% (60/100)   Writing objects:  61% (61/100)   Writing objects:  62% (62/100)   Writing objects:  63% (63/100)   Writing objects:  64% (64/100)   Writing objects:  65% (65/100)   Writing objects:  66% (66/100)   Writing objects:  67% (67/100)   Writing objects:  68% (68/100)   Writing objects:  69% (69/100)   Writing objects:  70% (70/100)   Writing objects:  71% (71/100)   Writing objects:  72% (72/100)   Writing objects:  73% (73/100)   Writing objects:  74% (74/100)   Writing objects:  75% (75/100)   Writing objects:  76% (76/100)   Writing objects:  77% (77/100)   Writing objects:  78% (78/100)   Writing objects:  79% (79/100)   Writing objects:  80% (80/100)   Writing objects:  81% (81/100)   Writing objects:  82% (82/100)   Writing objects:  83% (83/100)   Writing objects:  84% (84/100)   Writing objects:  85% (85/100)   Writing objects:  86% (86/100)   Writing objects:  87% (87/100)   Writing objects:  88% (88/100)   Writing objects:  89% (89/100)   Writing objects:  90% (90/100)   Writing objects:  91% (91/100)   Writing objects:  92% (92/100)   Writing objects:  93% (93/100)   Writing objects:  94% (94/100)   Writing objects:  95% (95/100)   Writing objects:  96% (96/100)   Writing objects:  97% (97/100)   Writing objects:  98% (98/100)   Writing objects:  99% (99/100)   Writing objects: 100% (100/100)   Writing objects: 100% (100/100), 12.68 KiB | 0 bytes/s, done.
Total 100 (delta 28), reused 0 (delta 0)
remote: Resolving deltas:   0% (0/28)   [Kremote: Resolving deltas:  25% (7/28)   [Kremote: Resolving deltas:  50% (14/28)   [Kremote: Resolving deltas:  57% (16/28)   [Kremote: Resolving deltas:  64% (18/28)   [Kremote: Resolving deltas:  85% (24/28)   [Kremote: Resolving deltas: 100% (28/28)   [Kremote: Resolving deltas: 100% (28/28), done.[K
To https://github.com/cassandrabayer/Dataiku.git
 * [new branch]      master -> master
]0;~/Desktop/DataikuCassandras-Air:Dataiku cassandrabayer$ [KCassandras-Air:Dataiku cassandrabayer$ git status
On branch master
Changes not staged for commit:
  (use "git add <file>..." to update what will be committed)
  (use "git checkout -- <file>..." to discard changes in working directory)

	[31mmodified:   .Rproj.user/79FC296B/console06/2CEFC2E8[m
	[31mmodified:   .Rproj.user/79FC296B/console06/INDEX001[m
	[31mmodified:   .Rproj.user/79FC296B/sources/prop/9DCC5261[m
	[31mmodified:   .Rproj.user/79FC296B/sources/s-211DBB81/F158B72F[m
	[31mmodified:   .Rproj.user/79FC296B/sources/s-211DBB81/F158B72F-contents[m
	[31mmodified:   controller.R[m

Untracked files:
  (use "git add <file>..." to include in what will be committed)

	[31m.Rproj.user/79FC296B/sources/s-211DBB81/AE5B78D-contents[m

no changes added to commit (use "git add" and/or "git commit -a")
]0;~/Desktop/DataikuCassandras-Air:Dataiku cassandrabayer$ git add .