]0;~/Desktop/Dataiku[?1034hCassandras-Air:Dataiku cassandrabayer$ [KCassandras-Air:Dataiku cassandrabayer$ git status
On branch master
Untracked files:
  (use "git add <file>..." to include in what will be committed)

	[31m.DS_Store[m
	[31m.Rproj.user/[m

nothing added to commit but untracked files present (use "git add" to track)
]0;~/Desktop/DataikuCassandras-Air:Dataiku cassandrabayer$ git add .
]0;~/Desktop/DataikuCassandras-Air:Dataiku cassandrabayer$ git commit m [K[K-m "[KCassandras-Air:Dataiku cassandrabayer$ git commit -m "[6Padd .
]0;~/Desktop/DataikuCassandras-Air:Dataiku cassandrabayer$ git comm[K[K[K[Kstatus
On branch master
Changes to be committed:
  (use "git reset HEAD <file>..." to unstage)

	[32mnew file:   .DS_Store[m
	[32mnew file:   .Rproj.user/79FC296B/console06/2CEFC2E8[m
	[32mnew file:   .Rproj.user/79FC296B/console06/2CEFC2E8.env[m
	[32mnew file:   .Rproj.user/79FC296B/console06/INDEX001[m
	[32mnew file:   .Rproj.user/79FC296B/sources/prop/9DCC5261[m
	[32mnew file:   .Rproj.user/79FC296B/sources/prop/INDEX[m
	[32mnew file:   .Rproj.user/79FC296B/sources/s-211DBB81/F158B72F[m
	[32mnew file:   .Rproj.user/79FC296B/sources/s-211DBB81/F158B72F-contents[m
	[32mnew file:   .Rproj.user/shared/notebooks/paths[m
	[32mnew file:   controller.R[m

Changes not staged for commit:
  (use "git add <file>..." to update what will be committed)
  (use "git checkout -- <file>..." to discard changes in working directory)

	[31mmodified:   .Rproj.user/79FC296B/console06/2CEFC2E8[m

]0;~/Desktop/DataikuCassandras-Air:Dataiku cassandrabayer$ git [K[K[Kit commit -m "added re[K[Kcontroller to load p[Kpackages"
[master 4323683] added controller to load packages
 10 files changed, 169 insertions(+)
 create mode 100644 .DS_Store
 create mode 100644 .Rproj.user/79FC296B/console06/2CEFC2E8
 create mode 100644 .Rproj.user/79FC296B/console06/2CEFC2E8.env
 create mode 100644 .Rproj.user/79FC296B/console06/INDEX001
 create mode 100644 .Rproj.user/79FC296B/sources/prop/9DCC5261
 create mode 100644 .Rproj.user/79FC296B/sources/prop/INDEX
 create mode 100644 .Rproj.user/79FC296B/sources/s-211DBB81/F158B72F
 create mode 100644 .Rproj.user/79FC296B/sources/s-211DBB81/F158B72F-contents
 create mode 100644 .Rproj.user/shared/notebooks/paths
 create mode 100644 controller.R
]0;~/Desktop/DataikuCassandras-Air:Dataiku cassandrabayer$ [KCassandras-Air:Dataiku cassandrabayer$ git status
On branch master
Changes not staged for commit:
  (use "git add <file>..." to update what will be committed)
  (use "git checkout -- <file>..." to discard changes in working directory)

	[31mmodified:   .Rproj.user/79FC296B/console06/2CEFC2E8[m
	[31mmodified:   .Rproj.user/79FC296B/console06/INDEX001[m
	[31mmodified:   .Rproj.user/79FC296B/sources/prop/9DCC5261[m
	[31mmodified:   .Rproj.user/79FC296B/sources/s-211DBB81/F158B72F[m
	[31mmodified:   .Rproj.user/79FC296B/sources/s-211DBB81/F158B72F-contents[m
	[31mmodified:   controller.R[m

Untracked files:
  (use "git add <file>..." to include in what will be committed)

	[31m.Rproj.user/79FC296B/sources/s-211DBB81/6C0E7E13[m
	[31m.Rproj.user/79FC296B/sources/s-211DBB81/6C0E7E13-contents[m

no changes added to commit (use "git add" and/or "git commit -a")
]0;~/Desktop/DataikuCassandras-Air:Dataiku cassandrabayer$ git add .
]0;~/Desktop/DataikuCassandras-Air:Dataiku cassandrabayer$ git commit -m "cleaned up the header names ()c)[1P)v)i)n)t)a)g)e) )[1P)[1P)[1P)[1P)[1P)[1P)[1P)[1P)c)l)a)s)s)i)c) )C)e)n)s)u)s) )d)a)[1P)a)t)a)[C"
[master cf624d0] cleaned up the header names (classic Census data)
 8 files changed, 125 insertions(+), 14 deletions(-)
 create mode 100644 .Rproj.user/79FC296B/sources/s-211DBB81/6C0E7E13
 create mode 100644 .Rproj.user/79FC296B/sources/s-211DBB81/6C0E7E13-contents
]0;~/Desktop/DataikuCassandras-Air:Dataiku cassandrabayer$ git add .
]0;~/Desktop/DataikuCassandras-Air:Dataiku cassandrabayer$ git commit -m "light processing"
[master 0a12bd3] light processing
 5 files changed, 67 insertions(+), 21 deletions(-)
]0;~/Desktop/DataikuCassandras-Air:Dataiku cassandrabayer$ gt [K[Kit add .
]0;~/Desktop/DataikuCassandras-Air:Dataiku cassandrabayer$ git commit -m "handled for missing values (standardized" [K[K) and binaries"
[master 16351aa] handled for missing values (standardized) and binaries
 5 files changed, 83 insertions(+), 23 deletions(-)
]0;~/Desktop/DataikuCassandras-Air:Dataiku cassandrabayer$ git push origin master
fatal: 'origin' does not appear to be a git repository
fatal: Could not read from remote repository.

Please make sure you have the correct access rights
and the repository exists.
]0;~/Desktop/DataikuCassandras-Air:Dataiku cassandrabayer$ git push origin master
fatal: 'origin' does not appear to be a git repository
fatal: Could not read from remote repository.

Please make sure you have the correct access rights
and the repository exists.
]0;~/Desktop/DataikuCassandras-Air:Dataiku cassandrabayer$ g[K[KCassandras-Air:Dataiku cassandrabayer$ git add .
]0;~/Desktop/DataikuCassandras-Air:Dataiku cassandrabayer$ git commit -m "cleaning up the binaries"
[master dcc9b09] cleaning up the binaries
 6 files changed, 231 insertions(+), 195 deletions(-)
 rewrite .Rproj.user/79FC296B/sources/s-211DBB81/F158B72F-contents (77%)
 rewrite controller.R (77%)
]0;~/Desktop/DataikuCassandras-Air:Dataiku cassandrabayer$ git add .
]0;~/Desktop/DataikuCassandras-Air:Dataiku cassandrabayer$ git commit -m "minor"
[master 0c68942] minor
 2 files changed, 4 insertions(+), 4 deletions(-)
]0;~/Desktop/DataikuCassandras-Air:Dataiku cassandrabayer$ git commit [K[K[K[K[K[K[Kremote add origin https://github.com/cassandrabayer/Dataiku.git
]0;~/Desktop/DataikuCassandras-Air:Dataiku cassandrabayer$ git push origin master
git: 'credential-C17a20K22!' is not a git command. See 'git --help'.
Counting objects: 100, done.
Delta compression using up to 4 threads.
Compressing objects:   1% (1/95)   Compressing objects:   2% (2/95)   Compressing objects:   3% (3/95)   Compressing objects:   4% (4/95)   Compressing objects:   5% (5/95)   Compressing objects:   6% (6/95)   Compressing objects:   7% (7/95)   Compressing objects:   8% (8/95)   Compressing objects:   9% (9/95)   Compressing objects:  10% (10/95)   Compressing objects:  11% (11/95)   Compressing objects:  12% (12/95)   Compressing objects:  13% (13/95)   Compressing objects:  14% (14/95)   Compressing objects:  15% (15/95)   Compressing objects:  16% (16/95)   Compressing objects:  17% (17/95)   Compressing objects:  18% (18/95)   Compressing objects:  20% (19/95)   Compressing objects:  21% (20/95)   Compressing objects:  22% (21/95)   Compressing objects:  23% (22/95)   Compressing objects:  24% (23/95)   Compressing objects:  25% (24/95)   Compressing objects:  26% (25/95)   Compressing objects:  27% (26/95)   Compressing objects:  28% (27/95)   Compressing objects:  29% (28/95)   Compressing objects:  30% (29/95)   Compressing objects:  31% (30/95)   Compressing objects:  32% (31/95)   Compressing objects:  33% (32/95)   Compressing objects:  34% (33/95)   Compressing objects:  35% (34/95)   Compressing objects:  36% (35/95)   Compressing objects:  37% (36/95)   Compressing objects:  38% (37/95)   Compressing objects:  40% (38/95)   Compressing objects:  41% (39/95)   Compressing objects:  42% (40/95)   Compressing objects:  43% (41/95)   Compressing objects:  44% (42/95)   Compressing objects:  45% (43/95)   Compressing objects:  46% (44/95)   Compressing objects:  47% (45/95)   Compressing objects:  48% (46/95)   Compressing objects:  49% (47/95)   Compressing objects:  50% (48/95)   Compressing objects:  51% (49/95)   Compressing objects:  52% (50/95)   Compressing objects:  53% (51/95)   Compressing objects:  54% (52/95)   Compressing objects:  55% (53/95)   Compressing objects:  56% (54/95)   Compressing objects:  57% (55/95)   Compressing objects:  58% (56/95)   Compressing objects:  60% (57/95)   Compressing objects:  61% (58/95)   Compressing objects:  62% (59/95)   Compressing objects:  63% (60/95)   Compressing objects:  64% (61/95)   Compressing objects:  65% (62/95)   Compressing objects:  66% (63/95)   Compressing objects:  67% (64/95)   Compressing objects:  68% (65/95)   Compressing objects:  69% (66/95)   Compressing objects:  70% (67/95)   Compressing objects:  71% (68/95)   Compressing objects:  72% (69/95)   Compressing objects:  73% (70/95)   Compressing objects:  74% (71/95)   Compressing objects:  75% (72/95)   Compressing objects:  76% (73/95)   Compressing objects:  77% (74/95)   Compressing objects:  78% (75/95)   Compressing objects:  80% (76/95)   Compressing objects:  81% (77/95)   Compressing objects:  82% (78/95)   Compressing objects:  83% (79/95)   Compressing objects:  84% (80/95)   Compressing objects:  85% (81/95)   Compressing objects:  86% (82/95)   Compressing objects:  87% (83/95)   Compressing objects:  88% (84/95)   Compressing objects:  89% (85/95)   Compressing objects:  90% (86/95)   Compressing objects:  91% (87/95)   Compressing objects:  92% (88/95)   Compressing objects:  93% (89/95)   Compressing objects:  94% (90/95)   Compressing objects:  95% (91/95)   Compressing objects:  96% (92/95)   Compressing objects:  97% (93/95)   Compressing objects:  98% (94/95)   Compressing objects: 100% (95/95)   Compressing objects: 100% (95/95), done.
Writing objects:   1% (1/100)   Writing objects:   2% (2/100)   Writing objects:   3% (3/100)   Writing objects:   4% (4/100)   Writing objects:   5% (5/100)   Writing objects:   6% (6/100)   Writing objects:   7% (7/100)   Writing objects:   8% (8/100)   Writing objects:   9% (9/100)   Writing objects:  10% (10/100)   Writing objects:  11% (11/100)   Writing objects:  12% (12/100)   Writing objects:  13% (13/100)   Writing objects:  14% (14/100)   Writing objects:  15% (15/100)   Writing objects:  16% (16/100)   Writing objects:  17% (17/100)   Writing objects:  18% (18/100)   Writing objects:  19% (19/100)   Writing objects:  20% (20/100)   Writing objects:  21% (21/100)   Writing objects:  22% (22/100)   Writing objects:  23% (23/100)   Writing objects:  24% (24/100)   Writing objects:  26% (26/100)   Writing objects:  28% (28/100)   Writing objects:  29% (29/100)   Writing objects:  30% (30/100)   Writing objects:  31% (31/100)   Writing objects:  32% (32/100)   Writing objects:  33% (33/100)   Writing objects:  34% (34/100)   Writing objects:  35% (35/100)   Writing objects:  36% (36/100)   Writing objects:  37% (37/100)   Writing objects:  38% (38/100)   Writing objects:  39% (39/100)   Writing objects:  40% (40/100)   Writing objects:  41% (41/100)   Writing objects:  42% (42/100)   Writing objects:  43% (43/100)   Writing objects:  44% (44/100)   Writing objects:  45% (45/100)   Writing objects:  46% (46/100)   Writing objects:  47% (47/100)   Writing objects:  48% (48/100)   Writing objects:  49% (49/100)   Writing objects:  50% (50/100)   Writing objects:  51% (51/100)   Writing objects:  52% (52/100)   Writing objects:  53% (53/100)   Writing objects:  54% (54/100)   Writing objects:  55% (55/100)   Writing objects:  56% (56/100)   Writing objects:  57% (57/100)   Writing objects:  58% (58/100)   Writing objects:  59% (59/100)   Writing objects:  60% (60/100)   Writing objects:  61% (61/100)   Writing objects:  62% (62/100)   Writing objects:  63% (63/100)   Writing objects:  64% (64/100)   Writing objects:  65% (65/100)   Writing objects:  66% (66/100)   Writing objects:  67% (67/100)   Writing objects:  68% (68/100)   Writing objects:  69% (69/100)   Writing objects:  70% (70/100)   Writing objects:  71% (71/100)   Writing objects:  72% (72/100)   Writing objects:  73% (73/100)   Writing objects:  74% (74/100)   Writing objects:  75% (75/100)   Writing objects:  76% (76/100)   Writing objects:  77% (77/100)   Writing objects:  78% (78/100)   Writing objects:  79% (79/100)   Writing objects:  80% (80/100)   Writing objects:  81% (81/100)   Writing objects:  82% (82/100)   Writing objects:  83% (83/100)   Writing objects:  84% (84/100)   Writing objects:  85% (85/100)   Writing objects:  86% (86/100)   Writing objects:  87% (87/100)   Writing objects:  88% (88/100)   Writing objects:  89% (89/100)   Writing objects:  90% (90/100)   Writing objects:  91% (91/100)   Writing objects:  92% (92/100)   Writing objects:  93% (93/100)   Writing objects:  94% (94/100)   Writing objects:  95% (95/100)   Writing objects:  96% (96/100)   Writing objects:  97% (97/100)   Writing objects:  98% (98/100)   Writing objects:  99% (99/100)   Writing objects: 100% (100/100)   Writing objects: 100% (100/100), 12.68 KiB | 0 bytes/s, done.
Total 100 (delta 28), reused 0 (delta 0)
remote: Resolving deltas:   0% (0/28)   [Kremote: Resolving deltas:  25% (7/28)   [Kremote: Resolving deltas:  50% (14/28)   [Kremote: Resolving deltas:  57% (16/28)   [Kremote: Resolving deltas:  64% (18/28)   [Kremote: Resolving deltas:  85% (24/28)   [Kremote: Resolving deltas: 100% (28/28)   [Kremote: Resolving deltas: 100% (28/28), done.[K
To https://github.com/cassandrabayer/Dataiku.git
 * [new branch]      master -> master
]0;~/Desktop/DataikuCassandras-Air:Dataiku cassandrabayer$ [KCassandras-Air:Dataiku cassandrabayer$ git status
On branch master
Changes not staged for commit:
  (use "git add <file>..." to update what will be committed)
  (use "git checkout -- <file>..." to discard changes in working directory)

	[31mmodified:   .Rproj.user/79FC296B/console06/2CEFC2E8[m
	[31mmodified:   .Rproj.user/79FC296B/console06/INDEX001[m
	[31mmodified:   .Rproj.user/79FC296B/sources/prop/9DCC5261[m
	[31mmodified:   .Rproj.user/79FC296B/sources/s-211DBB81/F158B72F[m
	[31mmodified:   .Rproj.user/79FC296B/sources/s-211DBB81/F158B72F-contents[m
	[31mmodified:   controller.R[m

Untracked files:
  (use "git add <file>..." to include in what will be committed)

	[31m.Rproj.user/79FC296B/sources/s-211DBB81/AE5B78D-contents[m

no changes added to commit (use "git add" and/or "git commit -a")
]0;~/Desktop/DataikuCassandras-Air:Dataiku cassandrabayer$ git add .
]0;~/Desktop/DataikuCassandras-Air:Dataiku cassandrabayer$ git commit -m "added interaction variabls a[K[K[Kes and more binaries to the controller"
[master 6272d0c] added interaction variables and more binaries to the controller
 7 files changed, 240 insertions(+), 86 deletions(-)
 create mode 100644 .Rproj.user/79FC296B/sources/s-211DBB81/AE5B78D-contents
]0;~/Desktop/DataikuCassandras-Air:Dataiku cassandrabayer$ git status
On branch master
Changes not staged for commit:
  (use "git add/rm <file>..." to update what will be committed)
  (use "git checkout -- <file>..." to discard changes in working directory)

	[31mmodified:   .Rproj.user/79FC296B/console06/2CEFC2E8[m
	[31mmodified:   .Rproj.user/79FC296B/sources/prop/9DCC5261[m
	[31mmodified:   .Rproj.user/79FC296B/sources/prop/INDEX[m
	[31mdeleted:    .Rproj.user/79FC296B/sources/s-211DBB81/6C0E7E13[m
	[31mmodified:   .Rproj.user/79FC296B/sources/s-211DBB81/F158B72F[m
	[31mmodified:   .Rproj.user/79FC296B/sources/s-211DBB81/F158B72F-contents[m
	[31mmodified:   .Rproj.user/shared/notebooks/paths[m
	[31mmodified:   controller.R[m

Untracked files:
  (use "git add <file>..." to include in what will be committed)

	[31m.Rproj.user/79FC296B/sources/prop/87188EEE[m
	[31m.Rproj.user/79FC296B/sources/s-211DBB81/3E43F971-contents[m
	[31m.Rproj.user/79FC296B/sources/s-211DBB81/9F0BC23C[m
	[31m.Rproj.user/79FC296B/sources/s-211DBB81/9F0BC23C-contents[m
	[31m.Rproj.user/79FC296B/sources/s-211DBB81/E92E08AA-contents[m
	[31m.Rproj.user/shared/notebooks/5DC9D500-modelingAnalysis/[m
	[31mmodelingAnalysis.Rmd[m

no changes added to commit (use "git add" and/or "git commit -a")
]0;~/Desktop/DataikuCassandras-Air:Dataiku cassandrabayer$ git add .
]0;~/Desktop/DataikuCassandras-Air:Dataiku cassandrabayer$ git commit -m "finished controller (for now) ad a[K[K[Knd adding models and analyss[K[Ksis"
[master d50de3c] finished controller (for now) and adding models and analysis
 15 files changed, 254 insertions(+), 134 deletions(-)
 create mode 100644 .Rproj.user/79FC296B/sources/prop/87188EEE
 create mode 100644 .Rproj.user/79FC296B/sources/s-211DBB81/3E43F971-contents
 delete mode 100644 .Rproj.user/79FC296B/sources/s-211DBB81/6C0E7E13
 create mode 100644 .Rproj.user/79FC296B/sources/s-211DBB81/9F0BC23C
 create mode 100644 .Rproj.user/79FC296B/sources/s-211DBB81/9F0BC23C-contents
 create mode 100644 .Rproj.user/79FC296B/sources/s-211DBB81/E92E08AA-contents
 create mode 100644 .Rproj.user/shared/notebooks/5DC9D500-modelingAnalysis/1/s/chunks.json
 create mode 100644 modelingAnalysis.Rmd
]0;~/Desktop/DataikuCassandras-Air:Dataiku cassandrabayer$ git status
On branch master
Changes not staged for commit:
  (use "git add <file>..." to update what will be committed)
  (use "git checkout -- <file>..." to discard changes in working directory)

	[31mmodified:   .Rproj.user/79FC296B/console06/2CEFC2E8[m
	[31mmodified:   .Rproj.user/79FC296B/sources/prop/87188EEE[m
	[31mmodified:   .Rproj.user/79FC296B/sources/s-211DBB81/9F0BC23C[m
	[31mmodified:   .Rproj.user/79FC296B/sources/s-211DBB81/9F0BC23C-contents[m
	[31mmodified:   .Rproj.user/shared/notebooks/5DC9D500-modelingAnalysis/1/s/chunks.json[m
	[31mmodified:   modelingAnalysis.Rmd[m

Untracked files:
  (use "git add <file>..." to include in what will be committed)

	[31m.Rproj.user/shared/notebooks/5DC9D500-modelingAnalysis/1/79FC296B211DBB81/[m

no changes added to commit (use "git add" and/or "git commit -a")
]0;~/Desktop/DataikuCassandras-Air:Dataiku cassandrabayer$ git add .
]0;~/Desktop/DataikuCassandras-Air:Dataiku cassandrabayer$ git commit -m "set up template for workflow"
[master a89dc1f] set up template for workflow
 7 files changed, 130 insertions(+), 70 deletions(-)
 rewrite .Rproj.user/79FC296B/sources/s-211DBB81/9F0BC23C-contents (83%)
 create mode 100644 .Rproj.user/shared/notebooks/5DC9D500-modelingAnalysis/1/79FC296B211DBB81/chunks.json
 rewrite modelingAnalysis.Rmd (83%)
]0;~/Desktop/DataikuCassandras-Air:Dataiku cassandrabayer$ git push ri[K[Kr[Korigin master
git: 'credential-C17a20K22!' is not a git command. See 'git --help'.
Counting objects: 54, done.
Delta compression using up to 4 threads.
Compressing objects:   2% (1/47)   Compressing objects:   4% (2/47)   Compressing objects:   6% (3/47)   Compressing objects:   8% (4/47)   Compressing objects:  10% (5/47)   Compressing objects:  12% (6/47)   Compressing objects:  14% (7/47)   Compressing objects:  17% (8/47)   Compressing objects:  19% (9/47)   Compressing objects:  21% (10/47)   Compressing objects:  23% (11/47)   Compressing objects:  25% (12/47)   Compressing objects:  27% (13/47)   Compressing objects:  29% (14/47)   Compressing objects:  31% (15/47)   Compressing objects:  34% (16/47)   Compressing objects:  36% (17/47)   Compressing objects:  38% (18/47)   Compressing objects:  40% (19/47)   Compressing objects:  42% (20/47)   Compressing objects:  44% (21/47)   Compressing objects:  46% (22/47)   Compressing objects:  48% (23/47)   Compressing objects:  51% (24/47)   Compressing objects:  53% (25/47)   Compressing objects:  55% (26/47)   Compressing objects:  57% (27/47)   Compressing objects:  59% (28/47)   Compressing objects:  61% (29/47)   Compressing objects:  63% (30/47)   Compressing objects:  65% (31/47)   Compressing objects:  68% (32/47)   Compressing objects:  70% (33/47)   Compressing objects:  72% (34/47)   Compressing objects:  74% (35/47)   Compressing objects:  76% (36/47)   Compressing objects:  78% (37/47)   Compressing objects:  80% (38/47)   Compressing objects:  82% (39/47)   Compressing objects:  85% (40/47)   Compressing objects:  87% (41/47)   Compressing objects:  89% (42/47)   Compressing objects:  91% (43/47)   Compressing objects:  93% (44/47)   Compressing objects:  95% (45/47)   Compressing objects:  97% (46/47)   Compressing objects: 100% (47/47)   Compressing objects: 100% (47/47), done.
Writing objects:   1% (1/54)   Writing objects:   3% (2/54)   Writing objects:   5% (3/54)   Writing objects:   7% (4/54)   Writing objects:   9% (5/54)   Writing objects:  11% (6/54)   Writing objects:  12% (7/54)   Writing objects:  14% (8/54)   Writing objects:  16% (9/54)   Writing objects:  18% (10/54)   Writing objects:  20% (11/54)   Writing objects:  22% (12/54)   Writing objects:  24% (13/54)   Writing objects:  25% (14/54)   Writing objects:  27% (15/54)   Writing objects:  33% (18/54)   Writing objects:  35% (19/54)   Writing objects:  37% (20/54)   Writing objects:  38% (21/54)   Writing objects:  40% (22/54)   Writing objects:  42% (23/54)   Writing objects:  44% (24/54)   Writing objects:  46% (25/54)   Writing objects:  48% (26/54)   Writing objects:  50% (27/54)   Writing objects:  51% (28/54)   Writing objects:  53% (29/54)   Writing objects:  55% (30/54)   Writing objects:  57% (31/54)   Writing objects:  59% (32/54)   Writing objects:  61% (33/54)   Writing objects:  62% (34/54)   Writing objects:  64% (35/54)   Writing objects:  66% (36/54)   Writing objects:  68% (37/54)   Writing objects:  70% (38/54)   Writing objects:  72% (39/54)   Writing objects:  74% (40/54)   Writing objects:  75% (41/54)   Writing objects:  77% (42/54)   Writing objects:  79% (43/54)   Writing objects:  81% (44/54)   Writing objects:  83% (45/54)   Writing objects:  85% (46/54)   Writing objects:  87% (47/54)   Writing objects:  88% (48/54)   Writing objects:  90% (49/54)   Writing objects:  92% (50/54)   Writing objects:  94% (51/54)   Writing objects:  96% (52/54)   Writing objects:  98% (53/54)   Writing objects: 100% (54/54)   Writing objects: 100% (54/54), 9.78 KiB | 0 bytes/s, done.
Total 54 (delta 13), reused 0 (delta 0)
remote: Resolving deltas:   0% (0/13)   [Kremote: Resolving deltas:  15% (2/13)   [Kremote: Resolving deltas:  30% (4/13)   [Kremote: Resolving deltas:  38% (5/13)   [Kremote: Resolving deltas:  46% (6/13)   [Kremote: Resolving deltas:  76% (10/13)   [Kremote: Resolving deltas:  92% (12/13)   [Kremote: Resolving deltas: 100% (13/13)   [Kremote: Resolving deltas: 100% (13/13), completed with 4 local objects.[K
To https://github.com/cassandrabayer/Dataiku.git
   0c68942..a89dc1f  master -> master
]0;~/Desktop/DataikuCassandras-Air:Dataiku cassandrabayer$ git status
On branch master
Changes not staged for commit:
  (use "git add <file>..." to update what will be committed)
  (use "git checkout -- <file>..." to discard changes in working directory)

	[31mmodified:   .Rproj.user/79FC296B/console06/2CEFC2E8[m
	[31mmodified:   .Rproj.user/79FC296B/sources/prop/87188EEE[m
	[31mmodified:   .Rproj.user/79FC296B/sources/prop/9DCC5261[m
	[31mmodified:   .Rproj.user/79FC296B/sources/s-211DBB81/9F0BC23C[m
	[31mmodified:   .Rproj.user/79FC296B/sources/s-211DBB81/9F0BC23C-contents[m
	[31mmodified:   .Rproj.user/79FC296B/sources/s-211DBB81/F158B72F[m
	[31mmodified:   .Rproj.user/79FC296B/sources/s-211DBB81/F158B72F-contents[m
	[31mmodified:   .Rproj.user/shared/notebooks/5DC9D500-modelingAnalysis/1/79FC296B211DBB81/chunks.json[m
	[31mmodified:   .Rproj.user/shared/notebooks/5DC9D500-modelingAnalysis/1/s/chunks.json[m
	[31mmodified:   controller.R[m
	[31mmodified:   modelingAnalysis.Rmd[m

Untracked files:
  (use "git add <file>..." to include in what will be committed)

	[31m.Rproj.user/79FC296B/sources/s-211DBB81/46543223-contents[m
	[31m.Rproj.user/79FC296B/sources/s-211DBB81/76E1E504[m
	[31m.Rproj.user/79FC296B/sources/s-211DBB81/76E1E504-contents[m
	[31m.Rproj.user/79FC296B/sources/s-211DBB81/7F876B80-contents[m
	[31m.Rproj.user/shared/notebooks/5DC9D500-modelingAnalysis/1/s/c6hjvwu7rkfle/[m
	[31m.Rproj.user/shared/notebooks/5DC9D500-modelingAnalysis/1/s/cis6pfwpwsegy/[m

no changes added to commit (use "git add" and/or "git commit -a")
]0;~/Desktop/DataikuCassandras-Air:Dataiku cassandrabayer$ git add .
]0;~/Desktop/DataikuCassandras-Air:Dataiku cassandrabayer$ git commit -m "swimming in a sea of models"
[master 8bb652b] swimming in a sea of models
 19 files changed, 292 insertions(+), 39 deletions(-)
 create mode 100644 .Rproj.user/79FC296B/sources/s-211DBB81/46543223-contents
 create mode 100644 .Rproj.user/79FC296B/sources/s-211DBB81/76E1E504
 create mode 100644 .Rproj.user/79FC296B/sources/s-211DBB81/76E1E504-contents
 create mode 100644 .Rproj.user/79FC296B/sources/s-211DBB81/7F876B80-contents
 rewrite .Rproj.user/shared/notebooks/5DC9D500-modelingAnalysis/1/79FC296B211DBB81/chunks.json (100%)
 create mode 100644 .Rproj.user/shared/notebooks/5DC9D500-modelingAnalysis/1/s/c6hjvwu7rkfle/000003.error
 rewrite .Rproj.user/shared/notebooks/5DC9D500-modelingAnalysis/1/s/chunks.json (100%)
 create mode 100644 .Rproj.user/shared/notebooks/5DC9D500-modelingAnalysis/1/s/cis6pfwpwsegy/000003.metadata
 create mode 100644 .Rproj.user/shared/notebooks/5DC9D500-modelingAnalysis/1/s/cis6pfwpwsegy/000003.png
 create mode 100644 .Rproj.user/shared/notebooks/5DC9D500-modelingAnalysis/1/s/cis6pfwpwsegy/000003.snapshot
]0;~/Desktop/DataikuCassandras-Air:Dataiku cassandrabayer$ git status
On branch master
Changes not staged for commit:
  (use "git add/rm <file>..." to update what will be committed)
  (use "git checkout -- <file>..." to discard changes in working directory)

	[31mmodified:   .Rproj.user/79FC296B/console06/2CEFC2E8[m
	[31mmodified:   .Rproj.user/79FC296B/sources/prop/87188EEE[m
	[31mmodified:   .Rproj.user/79FC296B/sources/prop/9DCC5261[m
	[31mmodified:   .Rproj.user/79FC296B/sources/s-211DBB81/9F0BC23C[m
	[31mmodified:   .Rproj.user/79FC296B/sources/s-211DBB81/9F0BC23C-contents[m
	[31mmodified:   .Rproj.user/79FC296B/sources/s-211DBB81/F158B72F[m
	[31mmodified:   .Rproj.user/79FC296B/sources/s-211DBB81/F158B72F-contents[m
	[31mmodified:   .Rproj.user/shared/notebooks/5DC9D500-modelingAnalysis/1/79FC296B211DBB81/chunks.json[m
	[31mdeleted:    .Rproj.user/shared/notebooks/5DC9D500-modelingAnalysis/1/s/c6hjvwu7rkfle/000003.error[m
	[31mmodified:   .Rproj.user/shared/notebooks/5DC9D500-modelingAnalysis/1/s/chunks.json[m
	[31mmodified:   controller.R[m
	[31mmodified:   modelingAnalysis.Rmd[m

Untracked files:
  (use "git add <file>..." to include in what will be committed)

	[31m.Rproj.user/shared/notebooks/5DC9D500-modelingAnalysis/1/s/c6il06tyzny5e/[m
	[31m.Rproj.user/shared/notebooks/5DC9D500-modelingAnalysis/1/s/cbar1qrm7k76n/[m
	[31m.Rproj.user/shared/notebooks/5DC9D500-modelingAnalysis/1/s/cfit1caozk1r8/[m
	[31m.Rproj.user/shared/notebooks/5DC9D500-modelingAnalysis/1/s/cgjss3v8bpj6o/[m
	[31m.Rproj.user/shared/notebooks/5DC9D500-modelingAnalysis/1/s/cp5ac5korcnmu/[m

no changes added to commit (use "git add" and/or "git commit -a")
]0;~/Desktop/DataikuCassandras-Air:Dataiku cassandrabayer$ git add .
]0;~/Desktop/DataikuCassandras-Air:Dataiku cassandrabayer$ git commit m [K[K-m "post svm and logit"
[master c6b4bdb] post svm and logit
 21 files changed, 234 insertions(+), 65 deletions(-)
 rewrite .Rproj.user/shared/notebooks/5DC9D500-modelingAnalysis/1/79FC296B211DBB81/chunks.json (64%)
 delete mode 100644 .Rproj.user/shared/notebooks/5DC9D500-modelingAnalysis/1/s/c6hjvwu7rkfle/000003.error
 create mode 100644 .Rproj.user/shared/notebooks/5DC9D500-modelingAnalysis/1/s/c6il06tyzny5e/000007.error
 create mode 100644 .Rproj.user/shared/notebooks/5DC9D500-modelingAnalysis/1/s/cbar1qrm7k76n/000007.metadata
 create mode 100644 .Rproj.user/shared/notebooks/5DC9D500-modelingAnalysis/1/s/cbar1qrm7k76n/000007.png
 create mode 100644 .Rproj.user/shared/notebooks/5DC9D500-modelingAnalysis/1/s/cbar1qrm7k76n/000007.snapshot
 create mode 100644 .Rproj.user/shared/notebooks/5DC9D500-modelingAnalysis/1/s/cfit1caozk1r8/000013.error
 create mode 100644 .Rproj.user/shared/notebooks/5DC9D500-modelingAnalysis/1/s/cgjss3v8bpj6o/000003.metadata
 create mode 100644 .Rproj.user/shared/notebooks/5DC9D500-modelingAnalysis/1/s/cgjss3v8bpj6o/000003.png
 create mode 100644 .Rproj.user/shared/notebooks/5DC9D500-modelingAnalysis/1/s/cgjss3v8bpj6o/000003.snapshot
 rewrite .Rproj.user/shared/notebooks/5DC9D500-modelingAnalysis/1/s/chunks.json (64%)
 create mode 100644 .Rproj.user/shared/notebooks/5DC9D500-modelingAnalysis/1/s/cp5ac5korcnmu/000011.error
]0;~/Desktop/DataikuCassandras-Air:Dataiku cassandrabayer$ git status
On branch master
Changes not staged for commit:
  (use "git add/rm <file>..." to update what will be committed)
  (use "git checkout -- <file>..." to discard changes in working directory)

	[31mmodified:   .Rproj.user/79FC296B/console06/2CEFC2E8[m
	[31mmodified:   .Rproj.user/79FC296B/sources/prop/87188EEE[m
	[31mmodified:   .Rproj.user/79FC296B/sources/prop/9DCC5261[m
	[31mmodified:   .Rproj.user/79FC296B/sources/s-211DBB81/9F0BC23C[m
	[31mmodified:   .Rproj.user/79FC296B/sources/s-211DBB81/9F0BC23C-contents[m
	[31mmodified:   .Rproj.user/79FC296B/sources/s-211DBB81/F158B72F[m
	[31mmodified:   .Rproj.user/79FC296B/sources/s-211DBB81/F158B72F-contents[m
	[31mmodified:   .Rproj.user/shared/notebooks/5DC9D500-modelingAnalysis/1/79FC296B211DBB81/chunks.json[m
	[31mdeleted:    .Rproj.user/shared/notebooks/5DC9D500-modelingAnalysis/1/s/cfit1caozk1r8/000013.error[m
	[31mmodified:   .Rproj.user/shared/notebooks/5DC9D500-modelingAnalysis/1/s/chunks.json[m
	[31mmodified:   controller.R[m
	[31mmodified:   modelingAnalysis.Rmd[m

Untracked files:
  (use "git add <file>..." to include in what will be committed)

	[31m.Rproj.user/79FC296B/sources/s-211DBB81/36866C08-contents[m
	[31m.Rproj.user/79FC296B/sources/s-211DBB81/65F80AC4-contents[m
	[31m.Rproj.user/79FC296B/sources/s-211DBB81/9A550313-contents[m
	[31m.Rproj.user/79FC296B/sources/s-211DBB81/AA5CB0D3-contents[m
	[31m.Rproj.user/79FC296B/sources/s-211DBB81/C0DE7C6D-contents[m
	[31m.Rproj.user/79FC296B/sources/s-211DBB81/CB332994-contents[m
	[31m.Rproj.user/79FC296B/sources/s-211DBB81/EC7FA2A4-contents[m
	[31m.Rproj.user/shared/notebooks/5DC9D500-modelingAnalysis/1/s/c1ifymotllh4d/[m
	[31m.Rproj.user/shared/notebooks/5DC9D500-modelingAnalysis/1/s/c6hjvwu7rkfle/[m
	[31m.Rproj.user/shared/notebooks/5DC9D500-modelingAnalysis/1/s/c94682qkyf8tz/[m
	[31m.Rproj.user/shared/notebooks/5DC9D500-modelingAnalysis/1/s/cfit1caozk1r8/000017.error[m

no changes added to commit (use "git add" and/or "git commit -a")
]0;~/Desktop/DataikuCassandras-Air:Dataiku cassandrabayer$ git add .
]0;~/Desktop/DataikuCassandras-Air:Dataiku cassandrabayer$ git commit -m "handled for missing to[K[Kand captured-- need to finalize write ups"
[master ab37a92] handled for missing and captured-- need to finalize write ups
 29 files changed, 156 insertions(+), 50 deletions(-)
 create mode 100644 .Rproj.user/79FC296B/sources/s-211DBB81/36866C08-contents
 create mode 100644 .Rproj.user/79FC296B/sources/s-211DBB81/65F80AC4-contents
 create mode 100644 .Rproj.user/79FC296B/sources/s-211DBB81/9A550313-contents
 create mode 100644 .Rproj.user/79FC296B/sources/s-211DBB81/AA5CB0D3-contents
 create mode 100644 .Rproj.user/79FC296B/sources/s-211DBB81/C0DE7C6D-contents
 create mode 100644 .Rproj.user/79FC296B/sources/s-211DBB81/CB332994-contents
 create mode 100644 .Rproj.user/79FC296B/sources/s-211DBB81/EC7FA2A4-contents
 create mode 100644 .Rproj.user/shared/notebooks/5DC9D500-modelingAnalysis/1/s/c1ifymotllh4d/000022.metadata
 create mode 100644 .Rproj.user/shared/notebooks/5DC9D500-modelingAnalysis/1/s/c1ifymotllh4d/000022.png
 create mode 100644 .Rproj.user/shared/notebooks/5DC9D500-modelingAnalysis/1/s/c1ifymotllh4d/000022.snapshot
 create mode 100644 .Rproj.user/shared/notebooks/5DC9D500-modelingAnalysis/1/s/c6hjvwu7rkfle/000008.metadata
 create mode 100644 .Rproj.user/shared/notebooks/5DC9D500-modelingAnalysis/1/s/c6hjvwu7rkfle/000008.png
 create mode 100644 .Rproj.user/shared/notebooks/5DC9D500-modelingAnalysis/1/s/c6hjvwu7rkfle/000008.snapshot
 create mode 100644 .Rproj.user/shared/notebooks/5DC9D500-modelingAnalysis/1/s/c94682qkyf8tz/00001e.metadata
 create mode 100644 .Rproj.user/shared/notebooks/5DC9D500-modelingAnalysis/1/s/c94682qkyf8tz/00001e.png
 create mode 100644 .Rproj.user/shared/notebooks/5DC9D500-modelingAnalysis/1/s/c94682qkyf8tz/00001e.snapshot
 delete mode 100644 .Rproj.user/shared/notebooks/5DC9D500-modelingAnalysis/1/s/cfit1caozk1r8/000013.error
 create mode 100644 .Rproj.user/shared/notebooks/5DC9D500-modelingAnalysis/1/s/cfit1caozk1r8/000017.error
]0;~/Desktop/DataikuCassandras-Air:Dataiku cassandrabayer$ git push origin master
git: 'credential-C17a20K22!' is not a git command. See 'git --help'.
To https://github.com/cassandrabayer/Dataiku.git
 ! [rejected]        master -> master (fetch first)
error: failed to push some refs to 'https://github.com/cassandrabayer/Dataiku.git'
hint: Updates were rejected because the remote contains work that you do
hint: not have locally. This is usually caused by another repository pushing
hint: to the same ref. You may want to first integrate the remote changes
hint: (e.g., 'git pull ...') before pushing again.
hint: See the 'Note about fast-forwards' in 'git push --help' for details.
]0;~/Desktop/DataikuCassandras-Air:Dataiku cassandrabayer$ git push origin master
git: 'credential-C17a20K22!' is not a git command. See 'git --help'.
To https://github.com/cassandrabayer/Dataiku.git
 ! [rejected]        master -> master (fetch first)
error: failed to push some refs to 'https://github.com/cassandrabayer/Dataiku.git'
hint: Updates were rejected because the remote contains work that you do
hint: not have locally. This is usually caused by another repository pushing
hint: to the same ref. You may want to first integrate the remote changes
hint: (e.g., 'git pull ...') before pushing again.
hint: See the 'Note about fast-forwards' in 'git push --help' for details.
]0;~/Desktop/DataikuCassandras-Air:Dataiku cassandrabayer$ git status
On branch master
Changes not staged for commit:
  (use "git add <file>..." to update what will be committed)
  (use "git checkout -- <file>..." to discard changes in working directory)

	[31mmodified:   .Rproj.user/79FC296B/console06/2CEFC2E8[m

no changes added to commit (use "git add" and/or "git commit -a")
]0;~/Desktop/DataikuCassandras-Air:Dataiku cassandrabayer$ git add .
]0;~/Desktop/DataikuCassandras-Air:Dataiku cassandrabayer$ git commit 0m[K[K-m "whoopsies"
[master 341f195] whoopsies
 1 file changed, 51 insertions(+)
]0;~/Desktop/DataikuCassandras-Air:Dataiku cassandrabayer$ git push r[Korigin master
git: 'credential-C17a20K22!' is not a git command. See 'git --help'.
To https://github.com/cassandrabayer/Dataiku.git
 ! [rejected]        master -> master (fetch first)
error: failed to push some refs to 'https://github.com/cassandrabayer/Dataiku.git'
hint: Updates were rejected because the remote contains work that you do
hint: not have locally. This is usually caused by another repository pushing
hint: to the same ref. You may want to first integrate the remote changes
hint: (e.g., 'git pull ...') before pushing again.
hint: See the 'Note about fast-forwards' in 'git push --help' for details.
]0;~/Desktop/DataikuCassandras-Air:Dataiku cassandrabayer$ git pull origin master
remote: Counting objects: 3, done.[K
remote: Compressing objects:  50% (1/2)   [Kremote: Compressing objects: 100% (2/2)   [Kremote: Compressing objects: 100% (2/2), done.[K
remote: Total 3 (delta 1), reused 0 (delta 0), pack-reused 0[K
Unpacking objects:  33% (1/3)   Unpacking objects:  66% (2/3)   Unpacking objects: 100% (3/3)   Unpacking objects: 100% (3/3), done.
From https://github.com/cassandrabayer/Dataiku
 * branch            master     -> FETCH_HEAD
   a89dc1f..5adcc41  master     -> origin/master
Merge made by the 'recursive' strategy.
 README.md | 1 [32m+[m
 1 file changed, 1 insertion(+)
 create mode 100644 README.md
]0;~/Desktop/DataikuCassandras-Air:Dataiku cassandrabayer$ git status
On branch master
Changes not staged for commit:
  (use "git add <file>..." to update what will be committed)
  (use "git checkout -- <file>..." to discard changes in working directory)

	[31mmodified:   .Rproj.user/79FC296B/console06/2CEFC2E8[m
	[31mmodified:   .Rproj.user/79FC296B/console06/INDEX001[m

no changes added to commit (use "git add" and/or "git commit -a")
]0;~/Desktop/DataikuCassandras-Air:Dataiku cassandrabayer$ git add .
]0;~/Desktop/DataikuCassandras-Air:Dataiku cassandrabayer$ git commit -m "readMe on remote"
[master 2297ea5] readMe on remote
 2 files changed, 37 insertions(+), 1 deletion(-)
 rewrite .Rproj.user/79FC296B/console06/INDEX001 (69%)
]0;~/Desktop/DataikuCassandras-Air:Dataiku cassandrabayer$ git push origin master
git: 'credential-C17a20K22!' is not a git command. See 'git --help'.
Counting objects: 112, done.
Delta compression using up to 4 threads.
Compressing objects:   1% (1/98)   Compressing objects:   2% (2/98)   Compressing objects:   3% (3/98)   Compressing objects:   4% (4/98)   Compressing objects:   5% (5/98)   Compressing objects:   6% (6/98)   Compressing objects:   7% (7/98)   Compressing objects:   8% (8/98)   Compressing objects:   9% (9/98)   Compressing objects:  10% (10/98)   Compressing objects:  11% (11/98)   Compressing objects:  12% (12/98)   Compressing objects:  13% (13/98)   Compressing objects:  14% (14/98)   Compressing objects:  15% (15/98)   Compressing objects:  16% (16/98)   Compressing objects:  17% (17/98)   Compressing objects:  18% (18/98)   Compressing objects:  19% (19/98)   Compressing objects:  20% (20/98)   Compressing objects:  21% (21/98)   Compressing objects:  22% (22/98)   Compressing objects:  23% (23/98)   Compressing objects:  24% (24/98)   Compressing objects:  25% (25/98)   Compressing objects:  26% (26/98)   Compressing objects:  27% (27/98)   Compressing objects:  28% (28/98)   Compressing objects:  29% (29/98)   Compressing objects:  30% (30/98)   Compressing objects:  31% (31/98)   Compressing objects:  32% (32/98)   Compressing objects:  33% (33/98)   Compressing objects:  34% (34/98)   Compressing objects:  35% (35/98)   Compressing objects:  36% (36/98)   Compressing objects:  37% (37/98)   Compressing objects:  38% (38/98)   Compressing objects:  39% (39/98)   Compressing objects:  40% (40/98)   Compressing objects:  41% (41/98)   Compressing objects:  42% (42/98)   Compressing objects:  43% (43/98)   Compressing objects:  44% (44/98)   Compressing objects:  45% (45/98)   Compressing objects:  46% (46/98)   Compressing objects:  47% (47/98)   Compressing objects:  48% (48/98)   Compressing objects:  50% (49/98)   Compressing objects:  51% (50/98)   Compressing objects:  52% (51/98)   Compressing objects:  53% (52/98)   Compressing objects:  54% (53/98)   Compressing objects:  55% (54/98)   Compressing objects:  56% (55/98)   Compressing objects:  57% (56/98)   Compressing objects:  58% (57/98)   Compressing objects:  59% (58/98)   Compressing objects:  60% (59/98)   Compressing objects:  61% (60/98)   Compressing objects:  62% (61/98)   Compressing objects:  63% (62/98)   Compressing objects:  64% (63/98)   Compressing objects:  65% (64/98)   Compressing objects:  66% (65/98)   Compressing objects:  67% (66/98)   Compressing objects:  68% (67/98)   Compressing objects:  69% (68/98)   Compressing objects:  70% (69/98)   Compressing objects:  71% (70/98)   Compressing objects:  72% (71/98)   Compressing objects:  73% (72/98)   Compressing objects:  74% (73/98)   Compressing objects:  75% (74/98)   Compressing objects:  76% (75/98)   Compressing objects:  77% (76/98)   Compressing objects:  78% (77/98)   Compressing objects:  79% (78/98)   Compressing objects:  80% (79/98)   Compressing objects:  81% (80/98)   Compressing objects:  82% (81/98)   Compressing objects:  83% (82/98)   Compressing objects:  84% (83/98)   Compressing objects:  85% (84/98)   Compressing objects:  86% (85/98)   Compressing objects:  87% (86/98)   Compressing objects:  88% (87/98)   Compressing objects:  89% (88/98)   Compressing objects:  90% (89/98)   Compressing objects:  91% (90/98)   Compressing objects:  92% (91/98)   Compressing objects:  93% (92/98)   Compressing objects:  94% (93/98)   Compressing objects:  95% (94/98)   Compressing objects:  96% (95/98)   Compressing objects:  97% (96/98)   Compressing objects:  98% (97/98)   Compressing objects: 100% (98/98)   Compressing objects: 100% (98/98), done.
Writing objects:   0% (1/112)   Writing objects:   1% (2/112)   Writing objects:   2% (3/112)   Writing objects:   3% (4/112)   Writing objects:   4% (5/112)   Writing objects:   5% (6/112)   Writing objects:   6% (7/112)   Writing objects:   7% (8/112)   Writing objects:   8% (9/112)   Writing objects:   9% (11/112)   Writing objects:  10% (12/112)   Writing objects:  11% (13/112)   Writing objects:  12% (14/112)   Writing objects:  13% (15/112)   Writing objects:  14% (16/112)   Writing objects:  15% (17/112)   Writing objects:  16% (18/112)   Writing objects:  17% (20/112)   Writing objects:  18% (21/112)   Writing objects:  19% (22/112)   Writing objects:  20% (23/112)   Writing objects:  21% (24/112)   Writing objects:  22% (25/112)   Writing objects:  23% (26/112)   Writing objects:  24% (27/112)   Writing objects:  25% (28/112)   Writing objects:  26% (30/112)   Writing objects:  27% (31/112)   Writing objects:  28% (32/112)   Writing objects:  29% (33/112)   Writing objects:  30% (34/112)   Writing objects:  31% (35/112)   Writing objects:  32% (36/112)   Writing objects:  33% (37/112)   Writing objects:  34% (39/112)   Writing objects:  35% (40/112)   Writing objects:  36% (41/112)   Writing objects:  37% (42/112)   Writing objects:  38% (43/112)   Writing objects:  39% (44/112)   Writing objects:  40% (45/112)   Writing objects:  40% (45/112), 1.07 MiB | 683.00 KiB/s   Writing objects:  41% (46/112), 1.07 MiB | 683.00 KiB/s   Writing objects:  42% (48/112), 1.07 MiB | 683.00 KiB/s   Writing objects:  43% (49/112), 1.07 MiB | 683.00 KiB/s   Writing objects:  44% (50/112), 1.07 MiB | 683.00 KiB/s   Writing objects:  45% (51/112), 1.07 MiB | 683.00 KiB/s   Writing objects:  46% (52/112), 1.07 MiB | 683.00 KiB/s   Writing objects:  47% (53/112), 1.07 MiB | 683.00 KiB/s   Writing objects:  48% (54/112), 1.07 MiB | 683.00 KiB/s   Writing objects:  50% (56/112), 1.07 MiB | 683.00 KiB/s   Writing objects:  51% (58/112), 1.07 MiB | 683.00 KiB/s   Writing objects:  52% (59/112), 1.07 MiB | 683.00 KiB/s   Writing objects:  53% (60/112), 1.07 MiB | 683.00 KiB/s   Writing objects:  54% (61/112), 1.07 MiB | 683.00 KiB/s   Writing objects:  55% (62/112), 1.07 MiB | 683.00 KiB/s   Writing objects:  56% (63/112), 1.07 MiB | 683.00 KiB/s   Writing objects:  57% (64/112), 1.07 MiB | 683.00 KiB/s   Writing objects:  58% (65/112), 1.07 MiB | 683.00 KiB/s   Writing objects:  59% (67/112), 1.07 MiB | 683.00 KiB/s   Writing objects:  60% (68/112), 1.07 MiB | 683.00 KiB/s   Writing objects:  61% (69/112), 1.07 MiB | 683.00 KiB/s   Writing objects:  62% (70/112), 1.07 MiB | 683.00 KiB/s   Writing objects:  63% (71/112), 1.07 MiB | 683.00 KiB/s   Writing objects:  64% (72/112), 1.07 MiB | 683.00 KiB/s   Writing objects:  65% (73/112), 1.07 MiB | 683.00 KiB/s   Writing objects:  66% (74/112), 1.07 MiB | 683.00 KiB/s   Writing objects:  67% (76/112), 1.07 MiB | 683.00 KiB/s   Writing objects:  68% (77/112), 1.07 MiB | 683.00 KiB/s   Writing objects:  69% (78/112), 1.07 MiB | 683.00 KiB/s   Writing objects:  70% (79/112), 1.07 MiB | 683.00 KiB/s   Writing objects:  71% (80/112), 1.07 MiB | 683.00 KiB/s   Writing objects:  72% (81/112), 1.07 MiB | 683.00 KiB/s   Writing objects:  73% (82/112), 1.07 MiB | 683.00 KiB/s   Writing objects:  74% (83/112), 1.07 MiB | 683.00 KiB/s   Writing objects:  75% (84/112), 1.07 MiB | 683.00 KiB/s   Writing objects:  76% (86/112), 1.07 MiB | 683.00 KiB/s   Writing objects:  77% (87/112), 1.07 MiB | 683.00 KiB/s   Writing objects:  78% (88/112), 1.07 MiB | 683.00 KiB/s   Writing objects:  79% (89/112), 1.07 MiB | 683.00 KiB/s   Writing objects:  80% (90/112), 1.07 MiB | 683.00 KiB/s   Writing objects:  81% (91/112), 1.07 MiB | 683.00 KiB/s   Writing objects:  82% (92/112), 1.07 MiB | 683.00 KiB/s   Writing objects:  83% (93/112), 1.07 MiB | 683.00 KiB/s   Writing objects:  84% (95/112), 1.07 MiB | 683.00 KiB/s   Writing objects:  85% (96/112), 1.07 MiB | 683.00 KiB/s   Writing objects:  86% (97/112), 1.07 MiB | 683.00 KiB/s   Writing objects:  87% (98/112), 1.07 MiB | 683.00 KiB/s   Writing objects:  88% (99/112), 1.07 MiB | 683.00 KiB/s   Writing objects:  89% (100/112), 1.07 MiB | 683.00 KiB/s   Writing objects:  90% (101/112), 1.07 MiB | 683.00 KiB/s   Writing objects:  91% (102/112), 1.07 MiB | 683.00 KiB/s   Writing objects:  92% (104/112), 1.07 MiB | 683.00 KiB/s   Writing objects:  93% (105/112), 1.07 MiB | 683.00 KiB/s   Writing objects:  94% (106/112), 1.07 MiB | 683.00 KiB/s   Writing objects:  95% (107/112), 1.07 MiB | 683.00 KiB/s   Writing objects:  96% (108/112), 1.07 MiB | 683.00 KiB/s   Writing objects:  97% (109/112), 1.07 MiB | 683.00 KiB/s   Writing objects:  98% (110/112), 1.07 MiB | 683.00 KiB/s   Writing objects:  99% (111/112), 1.07 MiB | 683.00 KiB/s   Writing objects: 100% (112/112), 1.07 MiB | 683.00 KiB/s   Writing objects: 100% (112/112), 1.51 MiB | 683.00 KiB/s, done.
Total 112 (delta 31), reused 0 (delta 0)
remote: Resolving deltas:   0% (0/31)   [Kremote: Resolving deltas:  12% (4/31)   [Kremote: Resolving deltas:  19% (6/31)   [Kremote: Resolving deltas:  25% (8/31)   [Kremote: Resolving deltas:  32% (10/31)   [Kremote: Resolving deltas:  35% (11/31)   [Kremote: Resolving deltas:  48% (15/31)   [Kremote: Resolving deltas:  61% (19/31)   [Kremote: Resolving deltas:  64% (20/31)   [Kremote: Resolving deltas:  74% (23/31)   [Kremote: Resolving deltas:  83% (26/31)   [Kremote: Resolving deltas:  93% (29/31)   [Kremote: Resolving deltas: 100% (31/31)   [Kremote: Resolving deltas: 100% (31/31), completed with 6 local objects.[K
To https://github.com/cassandrabayer/Dataiku.git
   5adcc41..2297ea5  master -> master
]0;~/Desktop/DataikuCassandras-Air:Dataiku cassandrabayer$ git status
On branch master
Changes not staged for commit:
  (use "git add/rm <file>..." to update what will be committed)
  (use "git checkout -- <file>..." to discard changes in working directory)

	[31mmodified:   .Rproj.user/79FC296B/console06/2CEFC2E8[m
	[31mmodified:   .Rproj.user/79FC296B/sources/prop/87188EEE[m
	[31mmodified:   .Rproj.user/79FC296B/sources/prop/9DCC5261[m
	[31mmodified:   .Rproj.user/79FC296B/sources/prop/INDEX[m
	[31mmodified:   .Rproj.user/79FC296B/sources/s-211DBB81/9F0BC23C[m
	[31mmodified:   .Rproj.user/79FC296B/sources/s-211DBB81/9F0BC23C-contents[m
	[31mmodified:   .Rproj.user/79FC296B/sources/s-211DBB81/F158B72F[m
	[31mmodified:   .Rproj.user/79FC296B/sources/s-211DBB81/F158B72F-contents[m
	[31mmodified:   .Rproj.user/shared/notebooks/5DC9D500-modelingAnalysis/1/79FC296B211DBB81/chunks.json[m
	[31mdeleted:    .Rproj.user/shared/notebooks/5DC9D500-modelingAnalysis/1/s/c94682qkyf8tz/00001e.metadata[m
	[31mdeleted:    .Rproj.user/shared/notebooks/5DC9D500-modelingAnalysis/1/s/c94682qkyf8tz/00001e.png[m
	[31mdeleted:    .Rproj.user/shared/notebooks/5DC9D500-modelingAnalysis/1/s/c94682qkyf8tz/00001e.snapshot[m
	[31mmodified:   .Rproj.user/shared/notebooks/5DC9D500-modelingAnalysis/1/s/chunks.json[m
	[31mdeleted:    .Rproj.user/shared/notebooks/5DC9D500-modelingAnalysis/1/s/cis6pfwpwsegy/000003.metadata[m
	[31mdeleted:    .Rproj.user/shared/notebooks/5DC9D500-modelingAnalysis/1/s/cis6pfwpwsegy/000003.png[m
	[31mdeleted:    .Rproj.user/shared/notebooks/5DC9D500-modelingAnalysis/1/s/cis6pfwpwsegy/000003.snapshot[m
	[31mmodified:   .Rproj.user/shared/notebooks/paths[m
	[31mmodified:   controller.R[m
	[31mmodified:   modelingAnalysis.Rmd[m

Untracked files:
  (use "git add <file>..." to include in what will be committed)

	[31m.Rproj.user/79FC296B/sources/prop/91CB3262[m
	[31m.Rproj.user/79FC296B/sources/prop/C164E2AC[m
	[31m.Rproj.user/79FC296B/sources/s-211DBB81/48C515BC-contents[m
	[31m.Rproj.user/79FC296B/sources/s-211DBB81/50FCAC1B[m
	[31m.Rproj.user/79FC296B/sources/s-211DBB81/50FCAC1B-contents[m
	[31m.Rproj.user/79FC296B/sources/s-211DBB81/6C106AE6[m
	[31m.Rproj.user/79FC296B/sources/s-211DBB81/6C106AE6-contents[m
	[31m.Rproj.user/79FC296B/sources/s-211DBB81/8C05FD2A[m
	[31m.Rproj.user/79FC296B/sources/s-211DBB81/8C05FD2A-contents[m
	[31m.Rproj.user/shared/notebooks/5DC9D500-modelingAnalysis/1/s/c94682qkyf8tz/000034.metadata[m
	[31m.Rproj.user/shared/notebooks/5DC9D500-modelingAnalysis/1/s/c94682qkyf8tz/000034.png[m
	[31m.Rproj.user/shared/notebooks/5DC9D500-modelingAnalysis/1/s/c94682qkyf8tz/000034.snapshot[m
	[31mserver.R[m
	[31mui.R[m

no changes added to commit (use "git add" and/or "git commit -a")
]0;~/Desktop/DataikuCassandras-Air:Dataiku cassandrabayer$ git add .
]0;~/Desktop/DataikuCassandras-Air:Dataiku cassandrabayer$ git commit -m added viz and shiny"
> 
Added a quick shiny for basic regression testing
bash: Added: command not found
]0;~/Desktop/DataikuCassandras-MacBook-Air:Dataiku cassandrabayer$ Added a quick shiny for basic regression testing[1P echo E78626B5 && /usr/bin/env && echo E70DE0C2[K[12Pgit commit -m added viz and shiny"[K[K[K[K[K[K[K[K[K[K[K[K[K[K[K[K[K[K[K[K[K[K[K[K[K[K[K[K[K[Kadd .
]0;~/Desktop/DataikuCassandras-MacBook-Air:Dataiku cassandrabayer$ git commit -m "added shiny for basic regression testing"
[master d8fff81] added shiny for basic regression testing
 74 files changed, 904 insertions(+), 42 deletions(-)
 create mode 100644 .Rhistory
 rewrite .Rproj.user/79FC296B/console06/INDEX001 (100%)
 create mode 100644 .Rproj.user/79FC296B/explorer-cache/e0263a97007141cc8514bd0d29d7d7b4
 create mode 100644 .Rproj.user/79FC296B/pcs/debug-breakpoints.pper
 create mode 100644 .Rproj.user/79FC296B/pcs/files-pane.pper
 create mode 100644 .Rproj.user/79FC296B/pcs/source-pane.pper
 create mode 100644 .Rproj.user/79FC296B/pcs/windowlayoutstate.pper
 create mode 100644 .Rproj.user/79FC296B/pcs/workbench-pane.pper
 create mode 100644 .Rproj.user/79FC296B/persistent-state
 create mode 100644 .Rproj.user/79FC296B/rmd-outputs
 create mode 100644 .Rproj.user/79FC296B/saved_source_markers
 create mode 100644 .Rproj.user/79FC296B/sources/prop/91CB3262
 create mode 100644 .Rproj.user/79FC296B/sources/prop/C164E2AC
 delete mode 100644 .Rproj.user/79FC296B/sources/s-211DBB81/65F80AC4-contents
 delete mode 100644 .Rproj.user/79FC296B/sources/s-211DBB81/6C0E7E13-contents
 delete mode 100644 .Rproj.user/79FC296B/sources/s-211DBB81/7F876B80-contents
 delete mode 100644 .Rproj.user/79FC296B/sources/s-211DBB81/9A550313-contents
 delete mode 100644 .Rproj.user/79FC296B/sources/s-211DBB81/AA5CB0D3-contents
 delete mode 100644 .Rproj.user/79FC296B/sources/s-211DBB81/AE5B78D-contents
 delete mode 100644 .Rproj.user/79FC296B/sources/s-211DBB81/C0DE7C6D-contents
 delete mode 100644 .Rproj.user/79FC296B/sources/s-211DBB81/CB332994-contents
 delete mode 100644 .Rproj.user/79FC296B/sources/s-211DBB81/E92E08AA-contents
 delete mode 100644 .Rproj.user/79FC296B/sources/s-211DBB81/EC7FA2A4-contents
 create mode 100644 .Rproj.user/79FC296B/sources/s-A783E30B/50FCAC1B
 create mode 100644 .Rproj.user/79FC296B/sources/s-A783E30B/50FCAC1B-contents
 create mode 100644 .Rproj.user/79FC296B/sources/s-A783E30B/6C106AE6
 create mode 100644 .Rproj.user/79FC296B/sources/s-A783E30B/6C106AE6-contents
 rename .Rproj.user/79FC296B/sources/{s-211DBB81 => s-A783E30B}/76E1E504 (100%)
 rename .Rproj.user/79FC296B/sources/{s-211DBB81 => s-A783E30B}/76E1E504-contents (100%)
 create mode 100644 .Rproj.user/79FC296B/sources/s-A783E30B/8C05FD2A
 rename .Rproj.user/79FC296B/sources/{s-211DBB81/36866C08-contents => s-A783E30B/8C05FD2A-contents} (100%)
 rename .Rproj.user/79FC296B/sources/{s-211DBB81 => s-A783E30B}/9F0BC23C (71%)
 rename .Rproj.user/79FC296B/sources/{s-211DBB81 => s-A783E30B}/9F0BC23C-contents (69%)
 rename .Rproj.user/79FC296B/sources/{s-211DBB81 => s-A783E30B}/F158B72F (70%)
 rename .Rproj.user/79FC296B/sources/{s-211DBB81 => s-A783E30B}/F158B72F-contents (99%)
 create mode 100644 .Rproj.user/79FC296B/sources/s-A783E30B/F2A69F16
 rename .Rproj.user/79FC296B/sources/{s-211DBB81/3E43F971-contents => s-A783E30B/F2A69F16-contents} (100%)
 rename .Rproj.user/79FC296B/sources/{s-211DBB81/46543223-contents => s-A783E30B/lock_file} (100%)
 create mode 100644 .Rproj.user/79FC296B/viewer-cache/9CF2CCF.Rdata
 rewrite .Rproj.user/shared/notebooks/5DC9D500-modelingAnalysis/1/79FC296B211DBB81/chunks.json (94%)
 create mode 100644 .Rproj.user/shared/notebooks/5DC9D500-modelingAnalysis/1/79FC296BA783E30B/chunks.json
 delete mode 100644 .Rproj.user/shared/notebooks/5DC9D500-modelingAnalysis/1/s/c1ifymotllh4d/000022.png
 delete mode 100644 .Rproj.user/shared/notebooks/5DC9D500-modelingAnalysis/1/s/c1ifymotllh4d/000022.snapshot
 delete mode 100644 .Rproj.user/shared/notebooks/5DC9D500-modelingAnalysis/1/s/c6hjvwu7rkfle/000008.metadata
 delete mode 100644 .Rproj.user/shared/notebooks/5DC9D500-modelingAnalysis/1/s/c6hjvwu7rkfle/000008.png
 delete mode 100644 .Rproj.user/shared/notebooks/5DC9D500-modelingAnalysis/1/s/c6hjvwu7rkfle/000008.snapshot
 delete mode 100644 .Rproj.user/shared/notebooks/5DC9D500-modelingAnalysis/1/s/c6il06tyzny5e/000007.error
 delete mode 100644 .Rproj.user/shared/notebooks/5DC9D500-modelingAnalysis/1/s/c94682qkyf8tz/00001e.metadata
 delete mode 100644 .Rproj.user/shared/notebooks/5DC9D500-modelingAnalysis/1/s/c94682qkyf8tz/00001e.png
 delete mode 100644 .Rproj.user/shared/notebooks/5DC9D500-modelingAnalysis/1/s/c94682qkyf8tz/00001e.snapshot
 delete mode 100644 .Rproj.user/shared/notebooks/5DC9D500-modelingAnalysis/1/s/cbar1qrm7k76n/000007.metadata
 delete mode 100644 .Rproj.user/shared/notebooks/5DC9D500-modelingAnalysis/1/s/cbar1qrm7k76n/000007.png
 delete mode 100644 .Rproj.user/shared/notebooks/5DC9D500-modelingAnalysis/1/s/cbar1qrm7k76n/000007.snapshot
 delete mode 100644 .Rproj.user/shared/notebooks/5DC9D500-modelingAnalysis/1/s/cfit1caozk1r8/000017.error
 delete mode 100644 .Rproj.user/shared/notebooks/5DC9D500-modelingAnalysis/1/s/cgjss3v8bpj6o/000003.metadata
 delete mode 100644 .Rproj.user/shared/notebooks/5DC9D500-modelingAnalysis/1/s/cgjss3v8bpj6o/000003.png
 delete mode 100644 .Rproj.user/shared/notebooks/5DC9D500-modelingAnalysis/1/s/cgjss3v8bpj6o/000003.snapshot
 rewrite .Rproj.user/shared/notebooks/5DC9D500-modelingAnalysis/1/s/chunks.json (91%)
 delete mode 100644 .Rproj.user/shared/notebooks/5DC9D500-modelingAnalysis/1/s/cis6pfwpwsegy/000003.metadata
 delete mode 100644 .Rproj.user/shared/notebooks/5DC9D500-modelingAnalysis/1/s/cis6pfwpwsegy/000003.png
 delete mode 100644 .Rproj.user/shared/notebooks/5DC9D500-modelingAnalysis/1/s/cis6pfwpwsegy/000003.snapshot
 delete mode 100644 .Rproj.user/shared/notebooks/5DC9D500-modelingAnalysis/1/s/cp5ac5korcnmu/000011.error
 rename .Rproj.user/shared/notebooks/5DC9D500-modelingAnalysis/1/s/{c1ifymotllh4d/000022.metadata => cvh2kaay38eeh/00000c.metadata} (100%)
 create mode 100644 .Rproj.user/shared/notebooks/5DC9D500-modelingAnalysis/1/s/cvh2kaay38eeh/00000c.png
 create mode 100644 .Rproj.user/shared/notebooks/5DC9D500-modelingAnalysis/1/s/cvh2kaay38eeh/00000c.snapshot
 create mode 100644 server.R
 create mode 100644 ui.R
git add .
]0;~/Desktop/DataikuCassandras-MacBook-Air:Dataiku cassandrabayer$ git commit -m "finalize[King right up)[K"
[master 95fa200] finalizing right up
 33 files changed, 232 insertions(+), 137 deletions(-)
 rewrite .Rproj.user/79FC296B/console06/INDEX001 (84%)
 rename .Rproj.user/79FC296B/sources/{s-A783E30B => s-9254A664}/50FCAC1B (100%)
 rename .Rproj.user/79FC296B/sources/{s-A783E30B => s-9254A664}/50FCAC1B-contents (100%)
 rename .Rproj.user/79FC296B/sources/{s-A783E30B => s-9254A664}/6C106AE6 (79%)
 rename .Rproj.user/79FC296B/sources/{s-A783E30B => s-9254A664}/6C106AE6-contents (100%)
 rename .Rproj.user/79FC296B/sources/{s-A783E30B => s-9254A664}/76E1E504 (100%)
 rename .Rproj.user/79FC296B/sources/{s-A783E30B => s-9254A664}/76E1E504-contents (100%)
 rename .Rproj.user/79FC296B/sources/{s-A783E30B => s-9254A664}/8C05FD2A (100%)
 rename .Rproj.user/79FC296B/sources/{s-A783E30B => s-9254A664}/8C05FD2A-contents (100%)
 rename .Rproj.user/79FC296B/sources/{s-A783E30B => s-9254A664}/9F0BC23C (71%)
 rename .Rproj.user/79FC296B/sources/{s-A783E30B => s-9254A664}/9F0BC23C-contents (58%)
 create mode 100644 .Rproj.user/79FC296B/sources/s-9254A664/B0F3DD5D
 rename .Rproj.user/79FC296B/sources/{s-A783E30B/F2A69F16-contents => s-9254A664/B0F3DD5D-contents} (100%)
 rename .Rproj.user/79FC296B/sources/{s-A783E30B => s-9254A664}/F158B72F (100%)
 rename .Rproj.user/79FC296B/sources/{s-A783E30B => s-9254A664}/F158B72F-contents (100%)
 rename .Rproj.user/79FC296B/sources/{s-A783E30B => s-9254A664}/F2A69F16 (100%)
 rename .Rproj.user/79FC296B/sources/{s-A783E30B/lock_file => s-9254A664/F2A69F16-contents} (100%)
 create mode 100644 .Rproj.user/79FC296B/sources/s-9254A664/lock_file
 create mode 100644 .Rproj.user/shared/notebooks/5DC9D500-modelingAnalysis/1/79FC296B9254A664/chunks.json
 create mode 100644 .Rproj.user/shared/notebooks/5DC9D500-modelingAnalysis/1/s/cahugrkmaysbl/000002.metadata
 create mode 100644 .Rproj.user/shared/notebooks/5DC9D500-modelingAnalysis/1/s/cahugrkmaysbl/000002.png
 create mode 100644 .Rproj.user/shared/notebooks/5DC9D500-modelingAnalysis/1/s/cahugrkmaysbl/000002.snapshot
 create mode 100644 .Rproj.user/shared/notebooks/5DC9D500-modelingAnalysis/1/s/cbdp9b4idu1m6/000007.error
 create mode 100644 .Rproj.user/shared/notebooks/5DC9D500-modelingAnalysis/1/s/ciupetrb0q747/00000f.error
 create mode 100644 .Rproj.user/shared/notebooks/5DC9D500-modelingAnalysis/1/s/cngt2icv23i7u/000003.error
 rewrite .Rproj.user/shared/notebooks/5DC9D500-modelingAnalysis/1/s/cvh2kaay38eeh/00000c.png (97%)
]0;~/Desktop/DataikuCassandras-MacBook-Air:Dataiku cassandrabayer$ ran[K[K[Kgit status
On branch master
Changes not staged for commit:
  (use "git add/rm <file>..." to update what will be committed)
  (use "git checkout -- <file>..." to discard changes in working directory)

	[31mmodified:   .Rproj.user/79FC296B/console06/2CEFC2E8[m
	[31mmodified:   .Rproj.user/79FC296B/console06/2CEFC2E8.env[m
	[31mmodified:   .Rproj.user/79FC296B/sources/prop/87188EEE[m
	[31mmodified:   .Rproj.user/79FC296B/sources/s-9254A664/9F0BC23C[m
	[31mmodified:   .Rproj.user/79FC296B/sources/s-9254A664/9F0BC23C-contents[m
	[31mmodified:   .Rproj.user/shared/notebooks/5DC9D500-modelingAnalysis/1/79FC296B9254A664/chunks.json[m
	[31mmodified:   .Rproj.user/shared/notebooks/5DC9D500-modelingAnalysis/1/s/cahugrkmaysbl/000002.png[m
	[31mmodified:   .Rproj.user/shared/notebooks/5DC9D500-modelingAnalysis/1/s/chunks.json[m
	[31mdeleted:    .Rproj.user/shared/notebooks/5DC9D500-modelingAnalysis/1/s/ciupetrb0q747/00000f.error[m
	[31mmodified:   .Rproj.user/shared/notebooks/5DC9D500-modelingAnalysis/1/s/cvh2kaay38eeh/00000c.png[m
	[31mmodified:   modelingAnalysis.Rmd[m

Untracked files:
  (use "git add <file>..." to include in what will be committed)

	[31m.Rproj.user/shared/notebooks/5DC9D500-modelingAnalysis/1/s/ciupetrb0q747/000014.metadata[m
	[31m.Rproj.user/shared/notebooks/5DC9D500-modelingAnalysis/1/s/ciupetrb0q747/000014.rdf[m

no changes added to commit (use "git add" and/or "git commit -a")
]0;~/Desktop/DataikuCassandras-MacBook-Air:Dataiku cassandrabayer$ gt add .
bash: gt: command not found
]0;~/Desktop/DataikuCassandras-MacBook-Air:Dataiku cassandrabayer$ git add .
]0;~/Desktop/DataikuCassandras-MacBook-Air:Dataiku cassandrabayer$ git commit -m "ran through svm"
[master 197976e] ran through svm
 13 files changed, 99 insertions(+), 26 deletions(-)
 rewrite .Rproj.user/shared/notebooks/5DC9D500-modelingAnalysis/1/79FC296B9254A664/chunks.json (68%)
 rewrite .Rproj.user/shared/notebooks/5DC9D500-modelingAnalysis/1/s/cahugrkmaysbl/000002.png (93%)
 rewrite .Rproj.user/shared/notebooks/5DC9D500-modelingAnalysis/1/s/chunks.json (68%)
 delete mode 100644 .Rproj.user/shared/notebooks/5DC9D500-modelingAnalysis/1/s/ciupetrb0q747/00000f.error
 create mode 100644 .Rproj.user/shared/notebooks/5DC9D500-modelingAnalysis/1/s/ciupetrb0q747/000014.metadata
 create mode 100644 .Rproj.user/shared/notebooks/5DC9D500-modelingAnalysis/1/s/ciupetrb0q747/000014.rdf
 rewrite .Rproj.user/shared/notebooks/5DC9D500-modelingAnalysis/1/s/cvh2kaay38eeh/00000c.png (96%)
]0;~/Desktop/Dataiku[?1034hCassandras-MacBook-Air:Dataiku cassandrabayer$ git status
On branch master
Changes not staged for commit:
  (use "git add/rm <file>..." to update what will be committed)
  (use "git checkout -- <file>..." to discard changes in working directory)

	[31mmodified:   .Rproj.user/79FC296B/console06/2CEFC2E8[m
	[31mmodified:   .Rproj.user/79FC296B/console06/INDEX001[m
	[31mmodified:   .Rproj.user/79FC296B/pcs/source-pane.pper[m
	[31mmodified:   .Rproj.user/79FC296B/sources/prop/87188EEE[m
	[31mmodified:   .Rproj.user/79FC296B/sources/prop/9DCC5261[m
	[31mmodified:   .Rproj.user/79FC296B/sources/s-9254A664/9F0BC23C[m
	[31mmodified:   .Rproj.user/79FC296B/sources/s-9254A664/9F0BC23C-contents[m
	[31mmodified:   .Rproj.user/79FC296B/sources/s-9254A664/F158B72F[m
	[31mmodified:   .Rproj.user/shared/notebooks/5DC9D500-modelingAnalysis/1/79FC296B9254A664/chunks.json[m
	[31mdeleted:    .Rproj.user/shared/notebooks/5DC9D500-modelingAnalysis/1/s/cahugrkmaysbl/000002.metadata[m
	[31mdeleted:    .Rproj.user/shared/notebooks/5DC9D500-modelingAnalysis/1/s/cahugrkmaysbl/000002.png[m
	[31mdeleted:    .Rproj.user/shared/notebooks/5DC9D500-modelingAnalysis/1/s/cahugrkmaysbl/000002.snapshot[m
	[31mmodified:   .Rproj.user/shared/notebooks/5DC9D500-modelingAnalysis/1/s/chunks.json[m
	[31mdeleted:    .Rproj.user/shared/notebooks/5DC9D500-modelingAnalysis/1/s/ciupetrb0q747/000014.metadata[m
	[31mdeleted:    .Rproj.user/shared/notebooks/5DC9D500-modelingAnalysis/1/s/ciupetrb0q747/000014.rdf[m
	[31mdeleted:    .Rproj.user/shared/notebooks/5DC9D500-modelingAnalysis/1/s/cngt2icv23i7u/000003.error[m
	[31mmodified:   modelingAnalysis.Rmd[m

Untracked files:
  (use "git add <file>..." to include in what will be committed)

	[31m.Rproj.user/79FC296B/explorer-cache/0bdc761a8a3b489c9c1b2982be8ffa5f[m
	[31m.Rproj.user/shared/notebooks/5DC9D500-modelingAnalysis/1/s/cahugrkmaysbl/000007.error[m
	[31m.Rproj.user/shared/notebooks/5DC9D500-modelingAnalysis/1/s/ciupetrb0q747/000013.error[m

no changes added to commit (use "git add" and/or "git commit -a")
]0;~/Desktop/DataikuCassandras-MacBook-Air:Dataiku cassandrabayer$ git add ,
fatal: pathspec ',' did not match any files
]0;~/Desktop/DataikuCassandras-MacBook-Air:Dataiku cassandrabayer$ git add .