]0;~/Desktop/Dataiku[?1034hCassandras-Air:Dataiku cassandrabayer$ [KCassandras-Air:Dataiku cassandrabayer$ git status
On branch master
Untracked files:
  (use "git add <file>..." to include in what will be committed)

	[31m.DS_Store[m
	[31m.Rproj.user/[m

nothing added to commit but untracked files present (use "git add" to track)
]0;~/Desktop/DataikuCassandras-Air:Dataiku cassandrabayer$ git add .
]0;~/Desktop/DataikuCassandras-Air:Dataiku cassandrabayer$ git commit m [K[K-m "[KCassandras-Air:Dataiku cassandrabayer$ git commit -m "[6Padd .
