]0;~/Desktop/Dataiku[?1034hCassandras-Air:Dataiku cassandrabayer$ [KCassandras-Air:Dataiku cassandrabayer$ git status
On branch master
Untracked files:
  (use "git add <file>..." to include in what will be committed)

	[31m.DS_Store[m
	[31m.Rproj.user/[m

nothing added to commit but untracked files present (use "git add" to track)
]0;~/Desktop/DataikuCassandras-Air:Dataiku cassandrabayer$ git add .
]0;~/Desktop/DataikuCassandras-Air:Dataiku cassandrabayer$ git commit m [K[K-m "[KCassandras-Air:Dataiku cassandrabayer$ git commit -m "[6Padd .
]0;~/Desktop/DataikuCassandras-Air:Dataiku cassandrabayer$ git comm[K[K[K[Kstatus
On branch master
Changes to be committed:
  (use "git reset HEAD <file>..." to unstage)

	[32mnew file:   .DS_Store[m
	[32mnew file:   .Rproj.user/79FC296B/console06/2CEFC2E8[m
	[32mnew file:   .Rproj.user/79FC296B/console06/2CEFC2E8.env[m
	[32mnew file:   .Rproj.user/79FC296B/console06/INDEX001[m
	[32mnew file:   .Rproj.user/79FC296B/sources/prop/9DCC5261[m
	[32mnew file:   .Rproj.user/79FC296B/sources/prop/INDEX[m
	[32mnew file:   .Rproj.user/79FC296B/sources/s-211DBB81/F158B72F[m
	[32mnew file:   .Rproj.user/79FC296B/sources/s-211DBB81/F158B72F-contents[m
	[32mnew file:   .Rproj.user/shared/notebooks/paths[m
	[32mnew file:   controller.R[m

Changes not staged for commit:
  (use "git add <file>..." to update what will be committed)
  (use "git checkout -- <file>..." to discard changes in working directory)

	[31mmodified:   .Rproj.user/79FC296B/console06/2CEFC2E8[m

]0;~/Desktop/DataikuCassandras-Air:Dataiku cassandrabayer$ git [K[K[Kit commit -m "added re[K[Kcontroller to load p[Kpackages"
[master 4323683] added controller to load packages
 10 files changed, 169 insertions(+)
 create mode 100644 .DS_Store
 create mode 100644 .Rproj.user/79FC296B/console06/2CEFC2E8
 create mode 100644 .Rproj.user/79FC296B/console06/2CEFC2E8.env
 create mode 100644 .Rproj.user/79FC296B/console06/INDEX001
 create mode 100644 .Rproj.user/79FC296B/sources/prop/9DCC5261
 create mode 100644 .Rproj.user/79FC296B/sources/prop/INDEX
 create mode 100644 .Rproj.user/79FC296B/sources/s-211DBB81/F158B72F
 create mode 100644 .Rproj.user/79FC296B/sources/s-211DBB81/F158B72F-contents
 create mode 100644 .Rproj.user/shared/notebooks/paths
 create mode 100644 controller.R
]0;~/Desktop/DataikuCassandras-Air:Dataiku cassandrabayer$ [KCassandras-Air:Dataiku cassandrabayer$ git status
On branch master
Changes not staged for commit:
  (use "git add <file>..." to update what will be committed)
  (use "git checkout -- <file>..." to discard changes in working directory)

	[31mmodified:   .Rproj.user/79FC296B/console06/2CEFC2E8[m
	[31mmodified:   .Rproj.user/79FC296B/console06/INDEX001[m
	[31mmodified:   .Rproj.user/79FC296B/sources/prop/9DCC5261[m
	[31mmodified:   .Rproj.user/79FC296B/sources/s-211DBB81/F158B72F[m
	[31mmodified:   .Rproj.user/79FC296B/sources/s-211DBB81/F158B72F-contents[m
	[31mmodified:   controller.R[m

Untracked files:
  (use "git add <file>..." to include in what will be committed)

	[31m.Rproj.user/79FC296B/sources/s-211DBB81/6C0E7E13[m
	[31m.Rproj.user/79FC296B/sources/s-211DBB81/6C0E7E13-contents[m

no changes added to commit (use "git add" and/or "git commit -a")
]0;~/Desktop/DataikuCassandras-Air:Dataiku cassandrabayer$ git add .
]0;~/Desktop/DataikuCassandras-Air:Dataiku cassandrabayer$ git commit -m "cleaned up the header names ()c)[1P)v)i)n)t)a)g)e) )[1P)[1P)[1P)[1P)[1P)[1P)[1P)[1P)c)l)a)s)s)i)c) )C)e)n)s)u)s) )d)a)[1P)a)t)a)[C"
[master cf624d0] cleaned up the header names (classic Census data)
 8 files changed, 125 insertions(+), 14 deletions(-)
 create mode 100644 .Rproj.user/79FC296B/sources/s-211DBB81/6C0E7E13
 create mode 100644 .Rproj.user/79FC296B/sources/s-211DBB81/6C0E7E13-contents
]0;~/Desktop/DataikuCassandras-Air:Dataiku cassandrabayer$ git add .
]0;~/Desktop/DataikuCassandras-Air:Dataiku cassandrabayer$ git commit -m "light processing"
[master 0a12bd3] light processing
 5 files changed, 67 insertions(+), 21 deletions(-)
]0;~/Desktop/DataikuCassandras-Air:Dataiku cassandrabayer$ gt [K[Kit add .
]0;~/Desktop/DataikuCassandras-Air:Dataiku cassandrabayer$ git commit -m "handled for missing values (standardized" [K[K) and binaries"
[master 16351aa] handled for missing values (standardized) and binaries
 5 files changed, 83 insertions(+), 23 deletions(-)
]0;~/Desktop/DataikuCassandras-Air:Dataiku cassandrabayer$ git push origin master
fatal: 'origin' does not appear to be a git repository
fatal: Could not read from remote repository.

Please make sure you have the correct access rights
and the repository exists.
]0;~/Desktop/DataikuCassandras-Air:Dataiku cassandrabayer$ git push origin master
fatal: 'origin' does not appear to be a git repository
fatal: Could not read from remote repository.

Please make sure you have the correct access rights
and the repository exists.
]0;~/Desktop/DataikuCassandras-Air:Dataiku cassandrabayer$ g[K[KCassandras-Air:Dataiku cassandrabayer$ git add .
